h1 full   pycurl           131072 B c=  2 round=1/1    2954.4 req/s
h1 stream wreq_blocking   4194304 B c=  2 round=1/1     134.1 req/s
h1 full   pyreqwest_mt      65536 B c=  2 round=1/1     797.7 req/s
h1 full   pyreqwest_st      10240 B c=  2 round=1/1    3541.2 req/s
h1 stream ry_blocking     1048576 B c=  2 round=1/1     449.7 req/s
h1 full   curl_cffi_blocking  1048576 B c=  2 round=1/1     651.7 req/s
h1 stream pyreqwest_st    4194304 B c=  2 round=1/1     175.7 req/s
h1 full   httpx_blocking    10240 B c=  2 round=1/1    1809.6 req/s
h1 stream wreq            1048576 B c=  2 round=1/1     495.4 req/s
h1 stream niquests        1048576 B c=  2 round=1/1     386.1 req/s
h1 full   niquests        1048576 B c=  2 round=1/1     389.1 req/s
h1 full   curl_cffi_blocking    65536 B c=  2 round=1/1    1780.7 req/s
h1 stream wreq_st          131072 B c=  2 round=1/1    1627.3 req/s
h1 full   pycurl            65536 B c=  2 round=1/1    4916.1 req/s
h1 full   ry_blocking       10240 B c=  2 round=1/1    2271.4 req/s
h1 stream curl_cffi_blocking     1024 B c=  2 round=1/1    1607.3 req/s
h1 full   curl_cffi_blocking  2097152 B c=  2 round=1/1     439.1 req/s
h1 stream pyreqwest_mt     131072 B c=  2 round=1/1     848.0 req/s
h1 full   wreq_st            1024 B c=  2 round=1/1    3882.7 req/s
h1 full   wreq_st         1048576 B c=  2 round=1/1     775.5 req/s
h1 full   niquests          10240 B c=  2 round=1/1     961.7 req/s
h1 full   wreq_blocking     65536 B c=  2 round=1/1    3031.2 req/s
h1 full   niquests         131072 B c=  2 round=1/1     936.7 req/s
h1 stream niquests         131072 B c=  2 round=1/1     928.2 req/s
h1 stream aiohttp            1024 B c=  2 round=1/1    2189.1 req/s
h1 full   curl_cffi       4194304 B c=  2 round=1/1     153.6 req/s
h1 full   pyreqwest_st      65536 B c=  2 round=1/1    2927.2 req/s
h1 stream curl_cffi        131072 B c=  2 round=1/1    1270.2 req/s
h1 stream niquests_blocking   131072 B c=  2 round=1/1     685.7 req/s
h1 full   curl_cffi         10240 B c=  2 round=1/1    2938.4 req/s
h1 stream requests        1048576 B c=  2 round=1/1     177.7 req/s
h1 full   ry              4194304 B c=  2 round=1/1     184.6 req/s
h1 full   httpx_blocking   131072 B c=  2 round=1/1    1032.2 req/s
h1 full   aiohttp          131072 B c=  2 round=1/1    2019.3 req/s
h1 stream wreq_st           10240 B c=  2 round=1/1    3342.1 req/s
h1 stream aiohttp           65536 B c=  2 round=1/1    2043.1 req/s
h1 stream aiohttp         1048576 B c=  2 round=1/1     759.0 req/s
h1 stream wreq_blocking    131072 B c=  2 round=1/1    1458.1 req/s
h1 full   pyreqwest_st    2097152 B c=  2 round=1/1     436.8 req/s
h1 full   requests          10240 B c=  2 round=1/1    1418.8 req/s
h1 stream httpx           4194304 B c=  2 round=1/1     133.9 req/s
h1 stream niquests          10240 B c=  2 round=1/1    1095.5 req/s
h1 full   curl_cffi        131072 B c=  2 round=1/1    1790.2 req/s
h1 stream httpx            131072 B c=  2 round=1/1     775.5 req/s
h1 full   httpx_blocking     1024 B c=  2 round=1/1    1899.6 req/s
h1 stream wreq_blocking     10240 B c=  2 round=1/1    2135.8 req/s
h1 stream niquests_blocking     1024 B c=  2 round=1/1    1432.4 req/s
h1 full   ry              1048576 B c=  2 round=1/1     449.9 req/s
h1 full   curl_cffi       1048576 B c=  2 round=1/1     564.9 req/s
h1 full   aiohttp         1048576 B c=  2 round=1/1     617.3 req/s
h1 full   httpx           4194304 B c=  2 round=1/1     102.1 req/s
h1 stream pycurl            65536 B c=  2 round=1/1    2810.5 req/s
h1 full   httpx             65536 B c=  2 round=1/1     900.9 req/s
h1 full   wreq_st           10240 B c=  2 round=1/1    2941.0 req/s
h1 full   pyreqwest_mt     131072 B c=  2 round=1/1    1599.5 req/s
h1 full   wreq_st           65536 B c=  2 round=1/1    2216.4 req/s
h1 full   niquests           1024 B c=  2 round=1/1    1184.9 req/s
h1 stream wreq_st         1048576 B c=  2 round=1/1     550.7 req/s
h1 full   wreq_blocking      1024 B c=  2 round=1/1    3009.5 req/s
h1 stream ry_blocking     4194304 B c=  2 round=1/1     302.9 req/s
h1 full   pyreqwest_mt      10240 B c=  2 round=1/1    1681.4 req/s
h1 full   wreq_st         4194304 B c=  2 round=1/1     231.2 req/s
h1 stream pycurl           131072 B c=  2 round=1/1    2549.9 req/s
h1 stream requests          65536 B c=  2 round=1/1     768.7 req/s
h1 stream httpx_blocking  4194304 B c=  2 round=1/1     148.2 req/s
h1 full   ry              2097152 B c=  2 round=1/1     347.3 req/s
h1 full   aiohttp           10240 B c=  2 round=1/1    2450.8 req/s
h1 stream pycurl          1048576 B c=  2 round=1/1     951.9 req/s
h1 stream pyreqwest_st     131072 B c=  2 round=1/1    1184.6 req/s
h1 stream pyreqwest_st    2097152 B c=  2 round=1/1     295.8 req/s
h1 stream niquests          65536 B c=  2 round=1/1     970.2 req/s
h1 full   requests         131072 B c=  2 round=1/1     814.9 req/s
h1 stream curl_cffi_blocking    65536 B c=  2 round=1/1    1466.9 req/s
h1 full   ry                65536 B c=  2 round=1/1    1903.2 req/s
h1 stream ry              4194304 B c=  2 round=1/1     186.7 req/s
h1 stream requests           1024 B c=  2 round=1/1    1281.8 req/s
h1 full   pycurl            10240 B c=  2 round=1/1    5914.4 req/s
h1 stream curl_cffi_blocking   131072 B c=  2 round=1/1    1676.4 req/s
h1 stream wreq_st            1024 B c=  2 round=1/1    3021.4 req/s
h1 full   httpx              1024 B c=  2 round=1/1    1118.0 req/s
h1 stream wreq_st           65536 B c=  2 round=1/1    2281.4 req/s
h1 stream ry_blocking       65536 B c=  2 round=1/1    3658.8 req/s
h1 stream curl_cffi         65536 B c=  2 round=1/1    1386.1 req/s
h1 full   pyreqwest_st    4194304 B c=  2 round=1/1     232.4 req/s
h1 full   pyreqwest_mt    2097152 B c=  2 round=1/1     393.8 req/s
h1 stream aiohttp         4194304 B c=  2 round=1/1     301.4 req/s
h1 full   curl_cffi         65536 B c=  2 round=1/1    2443.3 req/s
h1 stream niquests        4194304 B c=  2 round=1/1     182.9 req/s
h1 full   requests        2097152 B c=  2 round=1/1     104.3 req/s
h1 full   pyreqwest_mt    1048576 B c=  2 round=1/1     659.3 req/s
h1 full   ry                10240 B c=  2 round=1/1    2142.1 req/s
h1 stream curl_cffi       1048576 B c=  2 round=1/1     351.6 req/s
h1 stream wreq_st         2097152 B c=  2 round=1/1     353.0 req/s
h1 full   aiohttp           65536 B c=  2 round=1/1    2158.6 req/s
h1 full   pyreqwest_st     131072 B c=  2 round=1/1    2314.8 req/s
h1 full   ry_blocking     4194304 B c=  2 round=1/1     306.4 req/s
h1 full   ry_blocking     1048576 B c=  2 round=1/1    1061.1 req/s
h1 stream wreq_blocking   2097152 B c=  2 round=1/1     268.8 req/s
h1 stream httpx           1048576 B c=  2 round=1/1     272.3 req/s
h1 stream wreq            2097152 B c=  2 round=1/1     382.1 req/s
h1 stream pycurl            10240 B c=  2 round=1/1    4808.8 req/s
h1 stream curl_cffi_blocking  1048576 B c=  2 round=1/1     619.3 req/s
h1 stream niquests_blocking  4194304 B c=  2 round=1/1      50.2 req/s
h1 full   wreq_blocking    131072 B c=  2 round=1/1    2031.4 req/s
h1 full   httpx           2097152 B c=  2 round=1/1     255.7 req/s
h1 full   curl_cffi          1024 B c=  2 round=1/1    2695.9 req/s
h1 stream wreq_blocking      1024 B c=  2 round=1/1    2707.4 req/s
h1 stream httpx_blocking  2097152 B c=  2 round=1/1     217.0 req/s
h1 full   wreq            2097152 B c=  2 round=1/1     298.0 req/s
h1 stream requests         131072 B c=  2 round=1/1     768.7 req/s
h1 stream niquests           1024 B c=  2 round=1/1    1173.0 req/s
h1 stream curl_cffi          1024 B c=  2 round=1/1    2277.6 req/s
h1 stream niquests_blocking    65536 B c=  2 round=1/1     965.6 req/s
h1 stream aiohttp           10240 B c=  2 round=1/1    2500.3 req/s
h1 full   niquests_blocking   131072 B c=  2 round=1/1     875.1 req/s
h1 full   httpx_blocking    65536 B c=  2 round=1/1    1417.8 req/s
h1 full   requests        1048576 B c=  2 round=1/1     241.1 req/s
h1 stream wreq              65536 B c=  2 round=1/1    1639.2 req/s
h1 full   httpx             10240 B c=  2 round=1/1    1145.8 req/s
h1 full   wreq            4194304 B c=  2 round=1/1     214.6 req/s
h1 stream niquests        2097152 B c=  2 round=1/1     316.6 req/s
h1 stream httpx             10240 B c=  2 round=1/1     997.2 req/s
h1 full   aiohttp         2097152 B c=  2 round=1/1     369.2 req/s
h1 stream curl_cffi_blocking  2097152 B c=  2 round=1/1     382.0 req/s
h1 stream requests        4194304 B c=  2 round=1/1     102.7 req/s
h1 stream pycurl             1024 B c=  2 round=1/1    4493.3 req/s
h1 stream ry_blocking      131072 B c=  2 round=1/1    2970.4 req/s
h1 full   niquests_blocking    65536 B c=  2 round=1/1    1026.9 req/s
h1 stream ry              1048576 B c=  2 round=1/1     288.4 req/s
h1 full   wreq               1024 B c=  2 round=1/1    4168.0 req/s
h1 full   wreq_blocking     10240 B c=  2 round=1/1    3407.3 req/s
h1 stream pyreqwest_mt      65536 B c=  2 round=1/1    1246.7 req/s
h1 stream wreq_st         4194304 B c=  2 round=1/1     208.1 req/s
h1 full   pyreqwest_st       1024 B c=  2 round=1/1    4525.8 req/s
h1 stream niquests_blocking  1048576 B c=  2 round=1/1     172.3 req/s
h1 full   pycurl          4194304 B c=  2 round=1/1     307.2 req/s
h1 full   pycurl          1048576 B c=  2 round=1/1    1178.3 req/s
h1 full   pycurl             1024 B c=  2 round=1/1    7377.8 req/s
h1 full   wreq             131072 B c=  2 round=1/1    2163.0 req/s
h1 stream wreq            4194304 B c=  2 round=1/1     199.1 req/s
h1 full   requests        4194304 B c=  2 round=1/1      76.5 req/s
h1 full   wreq_blocking   1048576 B c=  2 round=1/1     698.0 req/s
h1 full   pyreqwest_st    1048576 B c=  2 round=1/1     688.1 req/s
h1 full   aiohttp         4194304 B c=  2 round=1/1     169.8 req/s
h1 stream httpx             65536 B c=  2 round=1/1     868.9 req/s
h1 stream wreq_blocking   1048576 B c=  2 round=1/1     562.4 req/s
h1 stream requests          10240 B c=  2 round=1/1    1485.4 req/s
h1 full   curl_cffi_blocking    10240 B c=  2 round=1/1    2222.4 req/s
h1 full   ry               131072 B c=  2 round=1/1    1238.7 req/s
h1 full   ry_blocking       65536 B c=  2 round=1/1    4008.4 req/s
h1 stream requests        2097152 B c=  2 round=1/1     101.9 req/s
h1 stream pycurl          2097152 B c=  2 round=1/1     637.0 req/s
h1 full   ry_blocking        1024 B c=  2 round=1/1    5057.8 req/s
h1 full   niquests_blocking  1048576 B c=  2 round=1/1     205.3 req/s
h1 full   httpx            131072 B c=  2 round=1/1     538.2 req/s
h1 full   niquests_blocking     1024 B c=  2 round=1/1    1566.3 req/s
h1 full   httpx           1048576 B c=  2 round=1/1     446.3 req/s
h1 full   aiohttp            1024 B c=  2 round=1/1    2708.1 req/s
h1 full   curl_cffi_blocking  4194304 B c=  2 round=1/1     270.5 req/s
h1 full   niquests          65536 B c=  2 round=1/1    1091.7 req/s
h1 stream curl_cffi         10240 B c=  2 round=1/1    2226.7 req/s
h1 full   httpx_blocking  1048576 B c=  2 round=1/1     290.9 req/s
h1 stream ry_blocking        1024 B c=  2 round=1/1    4548.0 req/s
h1 full   wreq              10240 B c=  2 round=1/1    4358.6 req/s
h1 stream wreq             131072 B c=  2 round=1/1    1774.3 req/s
h1 stream httpx_blocking  1048576 B c=  2 round=1/1     283.9 req/s
h1 stream httpx           2097152 B c=  2 round=1/1     267.1 req/s
h1 stream ry              2097152 B c=  2 round=1/1     253.2 req/s
h1 stream ry                65536 B c=  2 round=1/1     740.5 req/s
h1 full   httpx_blocking  4194304 B c=  2 round=1/1      79.1 req/s
h1 stream wreq               1024 B c=  2 round=1/1    3267.4 req/s
h1 stream ry                10240 B c=  2 round=1/1    1020.4 req/s
h1 stream ry_blocking     2097152 B c=  2 round=1/1     659.3 req/s
h1 stream niquests_blocking    10240 B c=  2 round=1/1    1556.5 req/s
h1 stream pycurl          4194304 B c=  2 round=1/1     282.7 req/s
h1 full   pycurl          2097152 B c=  2 round=1/1     704.4 req/s
h1 full   pyreqwest_mt    4194304 B c=  2 round=1/1     234.8 req/s
h1 full   httpx_blocking  2097152 B c=  2 round=1/1     227.4 req/s
h1 stream wreq_blocking     65536 B c=  2 round=1/1    1724.4 req/s
h1 stream niquests_blocking  2097152 B c=  2 round=1/1     130.5 req/s
h1 stream ry_blocking       10240 B c=  2 round=1/1    4536.4 req/s
h1 stream pyreqwest_st      10240 B c=  2 round=1/1    1980.8 req/s
h1 full   curl_cffi_blocking   131072 B c=  2 round=1/1    2471.9 req/s
h1 full   wreq            1048576 B c=  2 round=1/1     614.4 req/s
h1 full   requests           1024 B c=  2 round=1/1    1540.1 req/s
h1 stream pyreqwest_mt    1048576 B c=  2 round=1/1     334.6 req/s
h1 full   curl_cffi_blocking     1024 B c=  2 round=1/1    1596.3 req/s
h1 stream httpx_blocking    65536 B c=  2 round=1/1    1122.8 req/s
h1 stream aiohttp         2097152 B c=  2 round=1/1     519.3 req/s
h1 full   requests          65536 B c=  2 round=1/1    1009.0 req/s
h1 full   wreq_st         2097152 B c=  2 round=1/1     447.8 req/s
h1 full   niquests_blocking  2097152 B c=  2 round=1/1     107.3 req/s
h1 stream httpx_blocking     1024 B c=  2 round=1/1    1500.5 req/s
h1 stream curl_cffi       2097152 B c=  2 round=1/1     225.9 req/s
h1 full   wreq_blocking   2097152 B c=  2 round=1/1     388.6 req/s
h1 stream httpx_blocking    10240 B c=  2 round=1/1    1797.3 req/s
h1 full   wreq              65536 B c=  2 round=1/1    2670.3 req/s
h1 stream aiohttp          131072 B c=  2 round=1/1    2173.9 req/s
h1 stream pyreqwest_st      65536 B c=  2 round=1/1    1179.1 req/s
h1 full   niquests        2097152 B c=  2 round=1/1     334.5 req/s
h1 full   pyreqwest_mt       1024 B c=  2 round=1/1    4690.5 req/s
h1 full   curl_cffi       2097152 B c=  2 round=1/1     319.3 req/s
h1 stream pyreqwest_mt       1024 B c=  2 round=1/1    2264.9 req/s
h1 stream curl_cffi_blocking  4194304 B c=  2 round=1/1     235.5 req/s
h1 full   wreq_blocking   4194304 B c=  2 round=1/1     153.9 req/s
h1 stream ry                 1024 B c=  2 round=1/1    1357.5 req/s
h1 full   niquests        4194304 B c=  2 round=1/1     145.2 req/s
h1 full   wreq_st          131072 B c=  2 round=1/1    2067.2 req/s
h1 stream pyreqwest_mt      10240 B c=  2 round=1/1    1435.5 req/s
h1 full   niquests_blocking    10240 B c=  2 round=1/1    1622.0 req/s
h1 stream pyreqwest_mt    2097152 B c=  2 round=1/1     311.4 req/s
h1 full   ry                 1024 B c=  2 round=1/1    2142.0 req/s
h1 stream httpx_blocking   131072 B c=  2 round=1/1     773.0 req/s
h1 stream curl_cffi_blocking    10240 B c=  2 round=1/1    1484.5 req/s
h1 stream wreq              10240 B c=  2 round=1/1    3951.5 req/s
h1 full   ry_blocking      131072 B c=  2 round=1/1    2005.1 req/s
h1 full   niquests_blocking  4194304 B c=  2 round=1/1      61.5 req/s
h1 full   ry_blocking     2097152 B c=  2 round=1/1     505.2 req/s
h1 stream pyreqwest_mt    4194304 B c=  2 round=1/1     224.5 req/s
h1 stream httpx              1024 B c=  2 round=1/1    1029.6 req/s
h1 stream ry               131072 B c=  2 round=1/1     694.0 req/s
h1 stream pyreqwest_st    1048576 B c=  2 round=1/1     396.9 req/s
h1 stream curl_cffi       4194304 B c=  2 round=1/1     117.6 req/s
h1 stream pyreqwest_st       1024 B c=  2 round=1/1    1889.8 req/s
h2 full   pyreqwest_mt    1048576 B c=  2 round=1/1     236.3 req/s
h2 stream pyreqwest_mt       1024 B c=  2 round=1/1    2252.3 req/s
h2 stream pyreqwest_st      65536 B c=  2 round=1/1    1108.2 req/s
h2 full   pyreqwest_mt    2097152 B c=  2 round=1/1     117.4 req/s
h2 stream niquests          10240 B c=  2 round=1/1     948.8 req/s
h2 stream wreq_blocking   4194304 B c=  2 round=1/1     208.6 req/s
h2 stream ry               131072 B c=  2 round=1/1     491.1 req/s
h2 stream curl_cffi_blocking  4194304 B c=  2 round=1/1     181.4 req/s
h2 full   niquests_blocking    65536 B c=  2 round=1/1     874.4 req/s
h2 stream pyreqwest_st    1048576 B c=  2 round=1/1     162.3 req/s
h2 stream curl_cffi_blocking     1024 B c=  2 round=1/1    1857.2 req/s
h2 stream httpx_blocking  4194304 B c=  2 round=1/1      24.8 req/s
h2 stream wreq              10240 B c=  2 round=1/1    3000.6 req/s
h2 stream httpx_blocking     1024 B c=  2 round=1/1    1759.6 req/s
h2 full   httpx             10240 B c=  2 round=1/1    1436.7 req/s
h2 stream pycurl            65536 B c=  2 round=1/1    3130.5 req/s
h2 full   wreq               1024 B c=  2 round=1/1    4182.3 req/s
h2 full   httpx_blocking  1048576 B c=  2 round=1/1      89.3 req/s
h2 stream wreq_st         4194304 B c=  2 round=1/1     160.9 req/s
h2 full   httpx_blocking    65536 B c=  2 round=1/1     916.4 req/s
h2 full   niquests        2097152 B c=  2 round=1/1      87.9 req/s
h2 stream niquests_blocking    65536 B c=  2 round=1/1     736.3 req/s
h2 full   httpx_blocking   131072 B c=  2 round=1/1     578.9 req/s
h2 full   curl_cffi_blocking    10240 B c=  2 round=1/1    1551.0 req/s
h2 full   ry_blocking      131072 B c=  2 round=1/1    3296.5 req/s
h2 full   wreq_blocking      1024 B c=  2 round=1/1    3884.4 req/s
h2 full   pyreqwest_mt    4194304 B c=  2 round=1/1      62.4 req/s
h2 stream wreq_blocking   1048576 B c=  2 round=1/1     561.4 req/s
h2 full   pyreqwest_st    1048576 B c=  2 round=1/1     248.1 req/s
h2 stream niquests_blocking  4194304 B c=  2 round=1/1      23.9 req/s
h2 stream pyreqwest_mt      65536 B c=  2 round=1/1    1117.4 req/s
h2 stream niquests_blocking   131072 B c=  2 round=1/1     515.2 req/s
h2 full   pycurl          4194304 B c=  2 round=1/1     311.7 req/s
h2 full   niquests          10240 B c=  2 round=1/1     936.9 req/s
h2 stream curl_cffi        131072 B c=  2 round=1/1    1103.9 req/s
h2 full   ry_blocking     4194304 B c=  2 round=1/1     262.1 req/s
h2 full   curl_cffi       1048576 B c=  2 round=1/1     389.7 req/s
h2 stream ry_blocking       10240 B c=  2 round=1/1    3692.4 req/s
h2 stream httpx_blocking    65536 B c=  2 round=1/1     799.4 req/s
h2 full   wreq_st         4194304 B c=  2 round=1/1     188.2 req/s
h2 stream wreq_blocking    131072 B c=  2 round=1/1    1702.6 req/s
h2 stream ry                65536 B c=  2 round=1/1     656.9 req/s
h2 stream pyreqwest_mt    2097152 B c=  2 round=1/1     115.1 req/s
h2 stream httpx              1024 B c=  2 round=1/1    1546.8 req/s
h2 full   pyreqwest_mt     131072 B c=  2 round=1/1    1276.6 req/s
h2 stream pyreqwest_mt    4194304 B c=  2 round=1/1      60.1 req/s
h2 stream wreq_st          131072 B c=  2 round=1/1    2006.6 req/s
h2 stream pyreqwest_st       1024 B c=  2 round=1/1    2559.6 req/s
h2 full   niquests         131072 B c=  2 round=1/1     677.7 req/s
h2 stream wreq               1024 B c=  2 round=1/1    3563.3 req/s
h2 full   ry_blocking       65536 B c=  2 round=1/1    3778.9 req/s
h2 full   wreq_blocking   2097152 B c=  2 round=1/1     501.3 req/s
h2 full   curl_cffi       4194304 B c=  2 round=1/1     104.7 req/s
h2 full   ry                 1024 B c=  2 round=1/1    1966.8 req/s
h2 stream curl_cffi_blocking   131072 B c=  2 round=1/1    1295.0 req/s
h2 full   niquests_blocking  4194304 B c=  2 round=1/1      24.5 req/s
h2 full   curl_cffi_blocking  1048576 B c=  2 round=1/1     666.1 req/s
h2 full   wreq_st         1048576 B c=  2 round=1/1     661.4 req/s
h2 full   wreq_st          131072 B c=  2 round=1/1    2806.6 req/s
h2 stream wreq            4194304 B c=  2 round=1/1     126.0 req/s
h2 stream curl_cffi       4194304 B c=  2 round=1/1      80.2 req/s
h2 full   wreq_blocking     65536 B c=  2 round=1/1    2644.2 req/s
h2 stream httpx_blocking  2097152 B c=  2 round=1/1      47.0 req/s
h2 full   pycurl          1048576 B c=  2 round=1/1     971.6 req/s
h2 stream pycurl           131072 B c=  2 round=1/1    2230.4 req/s
h2 stream curl_cffi       1048576 B c=  2 round=1/1     296.2 req/s
h2 stream ry              1048576 B c=  2 round=1/1      89.8 req/s
h2 stream curl_cffi_blocking    65536 B c=  2 round=1/1    1502.9 req/s
h2 stream pycurl             1024 B c=  2 round=1/1    4300.5 req/s
h2 full   wreq_st         2097152 B c=  2 round=1/1     349.8 req/s
h2 full   pyreqwest_st    4194304 B c=  2 round=1/1      57.9 req/s
h2 full   niquests_blocking    10240 B c=  2 round=1/1    1219.9 req/s
h2 full   pycurl            65536 B c=  2 round=1/1    5585.2 req/s
h2 stream curl_cffi         65536 B c=  2 round=1/1    1207.3 req/s
h2 full   curl_cffi_blocking  2097152 B c=  2 round=1/1     407.6 req/s
h2 full   ry               131072 B c=  2 round=1/1     681.1 req/s
h2 full   pycurl           131072 B c=  2 round=1/1    2595.0 req/s
h2 stream ry              2097152 B c=  2 round=1/1      50.2 req/s
h2 full   niquests_blocking  2097152 B c=  2 round=1/1      51.2 req/s
h2 stream curl_cffi_blocking    10240 B c=  2 round=1/1    1883.1 req/s
h2 full   ry_blocking       10240 B c=  2 round=1/1    4603.4 req/s
h2 full   httpx_blocking     1024 B c=  2 round=1/1    1968.3 req/s
h2 stream ry_blocking       65536 B c=  2 round=1/1    3686.8 req/s
h2 stream httpx_blocking   131072 B c=  2 round=1/1     571.2 req/s
h2 stream httpx           1048576 B c=  2 round=1/1     101.8 req/s
h2 full   curl_cffi_blocking     1024 B c=  2 round=1/1    2253.1 req/s
h2 stream ry                10240 B c=  2 round=1/1    1482.5 req/s
h2 full   httpx              1024 B c=  2 round=1/1    1585.5 req/s
h2 stream wreq_blocking   2097152 B c=  2 round=1/1     376.0 req/s
h2 full   wreq_blocking   1048576 B c=  2 round=1/1    1082.6 req/s
h2 full   httpx_blocking  4194304 B c=  2 round=1/1      19.0 req/s
h2 stream ry              4194304 B c=  2 round=1/1      28.2 req/s
h2 full   curl_cffi          1024 B c=  2 round=1/1    3457.8 req/s
h2 stream niquests           1024 B c=  2 round=1/1    1042.4 req/s
h2 stream wreq_st         1048576 B c=  2 round=1/1     444.1 req/s
h2 full   httpx_blocking    10240 B c=  2 round=1/1    1383.9 req/s
h2 stream curl_cffi          1024 B c=  2 round=1/1    2676.7 req/s
h2 full   pyreqwest_mt      65536 B c=  2 round=1/1    1798.4 req/s
h2 full   wreq_blocking   4194304 B c=  2 round=1/1     263.3 req/s
h2 full   httpx           4194304 B c=  2 round=1/1      20.7 req/s
h2 stream pyreqwest_mt      10240 B c=  2 round=1/1    2292.5 req/s
h2 stream ry_blocking     2097152 B c=  2 round=1/1     477.1 req/s
h2 stream curl_cffi_blocking  2097152 B c=  2 round=1/1     318.4 req/s
h2 stream niquests         131072 B c=  2 round=1/1     606.8 req/s
h2 stream ry_blocking      131072 B c=  2 round=1/1    2695.3 req/s
h2 stream httpx             65536 B c=  2 round=1/1     794.0 req/s
h2 stream wreq_blocking     10240 B c=  2 round=1/1    2387.1 req/s
h2 full   wreq_blocking    131072 B c=  2 round=1/1    3070.7 req/s
h2 full   wreq            4194304 B c=  2 round=1/1     153.4 req/s
h2 stream wreq             131072 B c=  2 round=1/1    1823.3 req/s
h2 stream niquests        4194304 B c=  2 round=1/1      43.5 req/s
h2 full   niquests_blocking   131072 B c=  2 round=1/1     483.5 req/s
h2 full   ry                65536 B c=  2 round=1/1    1060.1 req/s
h2 full   wreq_st           65536 B c=  2 round=1/1    3179.8 req/s
h2 stream curl_cffi         10240 B c=  2 round=1/1    2744.6 req/s
h2 full   curl_cffi_blocking   131072 B c=  2 round=1/1    1521.9 req/s
h2 stream wreq_st            1024 B c=  2 round=1/1    4496.6 req/s
h2 full   httpx_blocking  2097152 B c=  2 round=1/1      41.9 req/s
h2 full   wreq              65536 B c=  2 round=1/1    2566.0 req/s
h2 stream pycurl          2097152 B c=  2 round=1/1     548.6 req/s
h2 full   wreq_st            1024 B c=  2 round=1/1    5680.4 req/s
h2 stream niquests        2097152 B c=  2 round=1/1      86.0 req/s
h2 full   pyreqwest_st     131072 B c=  2 round=1/1    1343.4 req/s
h2 stream httpx           4194304 B c=  2 round=1/1      26.3 req/s
h2 full   pycurl             1024 B c=  2 round=1/1    5319.2 req/s
h2 full   pyreqwest_st    2097152 B c=  2 round=1/1     112.7 req/s
h2 full   ry_blocking     1048576 B c=  2 round=1/1     949.0 req/s
h2 full   niquests        4194304 B c=  2 round=1/1      47.9 req/s
h2 stream httpx            131072 B c=  2 round=1/1     523.3 req/s
h2 full   httpx           1048576 B c=  2 round=1/1      94.4 req/s
h2 stream pycurl          4194304 B c=  2 round=1/1     304.6 req/s
h2 stream niquests_blocking     1024 B c=  2 round=1/1    1473.5 req/s
h2 full   niquests_blocking  1048576 B c=  2 round=1/1      94.9 req/s
h2 stream niquests_blocking  1048576 B c=  2 round=1/1      93.6 req/s
h2 stream curl_cffi_blocking  1048576 B c=  2 round=1/1     582.4 req/s
h2 full   wreq            2097152 B c=  2 round=1/1     238.1 req/s
h2 full   ry_blocking     2097152 B c=  2 round=1/1     638.4 req/s
h2 full   niquests        1048576 B c=  2 round=1/1     160.1 req/s
h2 stream pyreqwest_st    2097152 B c=  2 round=1/1      97.0 req/s
h2 stream pyreqwest_mt    1048576 B c=  2 round=1/1     182.2 req/s
h2 full   pyreqwest_mt      10240 B c=  2 round=1/1    4200.2 req/s
h2 full   pyreqwest_mt       1024 B c=  2 round=1/1    4613.3 req/s
h2 stream httpx           2097152 B c=  2 round=1/1      51.4 req/s
h2 stream niquests_blocking  2097152 B c=  2 round=1/1      50.7 req/s
h2 stream niquests          65536 B c=  2 round=1/1     824.5 req/s
h2 stream httpx             10240 B c=  2 round=1/1    1500.5 req/s
h2 full   httpx            131072 B c=  2 round=1/1     548.3 req/s
h2 stream pyreqwest_st     131072 B c=  2 round=1/1     936.4 req/s
h2 stream wreq_blocking      1024 B c=  2 round=1/1    2365.4 req/s
h2 stream pyreqwest_st      10240 B c=  2 round=1/1    2329.8 req/s
h2 stream ry_blocking     1048576 B c=  2 round=1/1     964.2 req/s
h2 stream wreq_st           65536 B c=  2 round=1/1    2534.5 req/s
h2 stream pycurl          1048576 B c=  2 round=1/1     912.7 req/s
h2 stream curl_cffi       2097152 B c=  2 round=1/1     160.1 req/s
h2 full   curl_cffi_blocking  4194304 B c=  2 round=1/1     224.6 req/s
h2 full   niquests          65536 B c=  2 round=1/1     826.2 req/s
h2 full   pycurl          2097152 B c=  2 round=1/1     633.2 req/s
h2 stream httpx_blocking    10240 B c=  2 round=1/1    1707.3 req/s
h2 full   curl_cffi        131072 B c=  2 round=1/1    1599.3 req/s
h2 stream ry_blocking     4194304 B c=  2 round=1/1     261.7 req/s
h2 stream pyreqwest_mt     131072 B c=  2 round=1/1     868.7 req/s
h2 stream wreq_st         2097152 B c=  2 round=1/1     239.6 req/s
h2 full   pyreqwest_st      65536 B c=  2 round=1/1    2998.0 req/s
h2 full   pyreqwest_st      10240 B c=  2 round=1/1    3760.1 req/s
h2 full   httpx           2097152 B c=  2 round=1/1      46.3 req/s
h2 full   ry                10240 B c=  2 round=1/1    1921.4 req/s
h2 stream ry                 1024 B c=  2 round=1/1    1383.5 req/s
h2 full   curl_cffi       2097152 B c=  2 round=1/1     190.0 req/s
h2 full   wreq_blocking     10240 B c=  2 round=1/1    2986.0 req/s
h2 stream wreq              65536 B c=  2 round=1/1    1996.2 req/s
h2 full   ry              2097152 B c=  2 round=1/1      54.7 req/s
h2 full   ry              1048576 B c=  2 round=1/1     109.2 req/s
h2 stream wreq_blocking     65536 B c=  2 round=1/1    1765.3 req/s
h2 full   ry              4194304 B c=  2 round=1/1      28.6 req/s
h2 full   wreq_st           10240 B c=  2 round=1/1    5720.3 req/s
h2 full   wreq             131072 B c=  2 round=1/1    2558.6 req/s
h2 stream niquests        1048576 B c=  2 round=1/1     152.7 req/s
h2 full   wreq              10240 B c=  2 round=1/1    3511.0 req/s
h2 full   pycurl            10240 B c=  2 round=1/1    5727.8 req/s
h2 stream wreq            2097152 B c=  2 round=1/1     245.0 req/s
h2 full   httpx             65536 B c=  2 round=1/1     712.1 req/s
h2 stream wreq            1048576 B c=  2 round=1/1     425.2 req/s
h2 stream pycurl            10240 B c=  2 round=1/1    4560.0 req/s
h2 stream niquests_blocking    10240 B c=  2 round=1/1    1355.5 req/s
h2 full   pyreqwest_st       1024 B c=  2 round=1/1    5273.8 req/s
h2 full   curl_cffi         10240 B c=  2 round=1/1    3697.1 req/s
h2 full   wreq            1048576 B c=  2 round=1/1     578.2 req/s
h2 full   curl_cffi         65536 B c=  2 round=1/1    2481.4 req/s
h2 stream ry_blocking        1024 B c=  2 round=1/1    3747.6 req/s
h2 full   ry_blocking        1024 B c=  2 round=1/1    4686.6 req/s
h2 full   niquests           1024 B c=  2 round=1/1    1072.1 req/s
h2 full   niquests_blocking     1024 B c=  2 round=1/1    1125.8 req/s
h2 stream httpx_blocking  1048576 B c=  2 round=1/1      96.5 req/s
h2 stream wreq_st           10240 B c=  2 round=1/1    4269.8 req/s
h2 stream pyreqwest_st    4194304 B c=  2 round=1/1      55.3 req/s
h2 full   curl_cffi_blocking    65536 B c=  2 round=1/1    2182.2 req/s
Saved complete benchmark: /mnt/e/VSCode/wreq-python/bench/data/smoke/20261003T185917Z-91f1956f13ec-smoke.json
