h1 full   wreq_blocking   4194304 B c= 10 round=1/3     873.5 req/s
h1 full   wreq_blocking      1024 B c= 10 round=1/3   18987.9 req/s
h1 stream pycurl             1024 B c= 50 round=1/3    6496.0 req/s
h1 stream wreq_blocking      1024 B c= 50 round=1/3    7462.0 req/s
h1 full   ry_blocking     4194304 B c= 10 round=1/3     830.2 req/s
h1 stream ry_blocking        1024 B c= 50 round=1/3    4828.3 req/s
h1 stream pycurl          4194304 B c= 10 round=1/3      80.6 req/s
h1 full   pycurl          4194304 B c= 50 round=1/3     114.8 req/s
h1 stream pycurl             1024 B c= 10 round=1/3    6865.6 req/s
h1 stream ry_blocking        1024 B c= 10 round=1/3    5323.2 req/s
h1 full   pycurl          4194304 B c= 10 round=1/3     107.0 req/s
h1 full   pycurl             1024 B c= 10 round=1/3   13353.2 req/s
h1 stream ry_blocking     4194304 B c= 10 round=1/3     915.0 req/s
h1 full   ry_blocking     4194304 B c= 50 round=1/3     881.0 req/s
h1 full   wreq_blocking   4194304 B c= 50 round=1/3     932.9 req/s
h1 stream wreq_blocking   4194304 B c= 50 round=1/3     894.1 req/s
h1 full   wreq_blocking      1024 B c= 50 round=1/3   15268.8 req/s
h1 full   pycurl             1024 B c= 50 round=1/3   11460.6 req/s
h1 stream wreq_blocking   4194304 B c= 10 round=1/3     865.4 req/s
h1 full   ry_blocking        1024 B c= 50 round=1/3    8121.3 req/s
h1 full   ry_blocking        1024 B c= 10 round=1/3    8889.6 req/s
h1 stream pycurl          4194304 B c= 50 round=1/3      81.8 req/s
h1 stream ry_blocking     4194304 B c= 50 round=1/3     747.7 req/s
h1 stream wreq_blocking      1024 B c= 10 round=1/3    8075.7 req/s
h1 stream wreq_blocking      1024 B c= 50 round=2/3    7283.4 req/s
h1 full   wreq_blocking      1024 B c= 50 round=2/3   15542.3 req/s
h1 stream ry_blocking     4194304 B c= 10 round=2/3     970.6 req/s
h1 stream ry_blocking        1024 B c= 50 round=2/3    5124.5 req/s
h1 stream wreq_blocking   4194304 B c= 50 round=2/3     893.8 req/s
h1 stream wreq_blocking      1024 B c= 10 round=2/3    8006.3 req/s
h1 stream pycurl             1024 B c= 50 round=2/3    6370.0 req/s
h1 full   pycurl          4194304 B c= 10 round=2/3     106.4 req/s
h1 full   wreq_blocking   4194304 B c= 50 round=2/3     927.7 req/s
h1 full   ry_blocking     4194304 B c= 10 round=2/3     969.1 req/s
h1 full   ry_blocking        1024 B c= 10 round=2/3    8703.6 req/s
h1 full   ry_blocking        1024 B c= 50 round=2/3    7955.1 req/s
h1 stream pycurl             1024 B c= 10 round=2/3    6740.0 req/s
h1 stream pycurl          4194304 B c= 50 round=2/3      81.8 req/s
h1 full   ry_blocking     4194304 B c= 50 round=2/3     934.1 req/s
h1 full   pycurl             1024 B c= 50 round=2/3   11611.9 req/s
h1 stream wreq_blocking   4194304 B c= 10 round=2/3     975.4 req/s
h1 full   wreq_blocking      1024 B c= 10 round=2/3   19243.1 req/s
h1 stream ry_blocking        1024 B c= 10 round=2/3    5314.5 req/s
h1 full   pycurl          4194304 B c= 50 round=2/3     109.7 req/s
h1 full   wreq_blocking   4194304 B c= 10 round=2/3    1006.3 req/s
h1 stream ry_blocking     4194304 B c= 50 round=2/3     744.5 req/s
h1 full   pycurl             1024 B c= 10 round=2/3   12789.5 req/s
h1 stream pycurl          4194304 B c= 10 round=2/3      80.1 req/s
h1 full   ry_blocking        1024 B c= 50 round=3/3    7582.7 req/s
h1 full   wreq_blocking   4194304 B c= 50 round=3/3     902.0 req/s
h1 stream ry_blocking     4194304 B c= 10 round=3/3     954.8 req/s
h1 full   ry_blocking     4194304 B c= 50 round=3/3     897.4 req/s
h1 stream pycurl             1024 B c= 10 round=3/3    6740.5 req/s
h1 stream pycurl          4194304 B c= 10 round=3/3      80.3 req/s
h1 full   wreq_blocking   4194304 B c= 10 round=3/3    1012.8 req/s
h1 stream wreq_blocking   4194304 B c= 50 round=3/3     901.2 req/s
h1 stream pycurl          4194304 B c= 50 round=3/3      81.7 req/s
h1 full   pycurl          4194304 B c= 50 round=3/3     110.4 req/s
h1 stream pycurl             1024 B c= 50 round=3/3    6248.8 req/s
h1 full   pycurl             1024 B c= 50 round=3/3   11731.3 req/s
h1 stream wreq_blocking      1024 B c= 10 round=3/3    8071.2 req/s
h1 stream ry_blocking        1024 B c= 50 round=3/3    5023.2 req/s
h1 stream wreq_blocking      1024 B c= 50 round=3/3    7455.0 req/s
h1 stream wreq_blocking   4194304 B c= 10 round=3/3     938.0 req/s
h1 stream ry_blocking        1024 B c= 10 round=3/3    5348.4 req/s
h1 stream ry_blocking     4194304 B c= 50 round=3/3     751.8 req/s
h1 full   pycurl          4194304 B c= 10 round=3/3     107.1 req/s
h1 full   wreq_blocking      1024 B c= 10 round=3/3   19368.2 req/s
h1 full   wreq_blocking      1024 B c= 50 round=3/3   15340.6 req/s
h1 full   pycurl             1024 B c= 10 round=3/3   12866.9 req/s
h1 full   ry_blocking     4194304 B c= 10 round=3/3     824.3 req/s
h1 full   ry_blocking        1024 B c= 10 round=3/3    8925.9 req/s
h2 stream pycurl          4194304 B c= 10 round=1/3      47.0 req/s
h2 full   ry_blocking     4194304 B c= 10 round=1/3     105.7 req/s
h2 full   ry_blocking        1024 B c= 10 round=1/3    8810.5 req/s
h2 full   wreq_blocking   4194304 B c= 10 round=1/3     708.4 req/s
h2 full   pycurl          4194304 B c= 10 round=1/3      52.9 req/s
h2 stream wreq_blocking      1024 B c= 50 round=1/3    7292.7 req/s
h2 full   pycurl             1024 B c= 50 round=1/3   11240.5 req/s
h2 stream ry_blocking     4194304 B c= 10 round=1/3      97.7 req/s
h2 full   wreq_blocking   4194304 B c= 50 round=1/3     659.0 req/s
h2 stream ry_blocking        1024 B c= 50 round=1/3    5008.0 req/s
h2 stream pycurl          4194304 B c= 50 round=1/3      48.6 req/s
h2 stream pycurl             1024 B c= 50 round=1/3    6421.5 req/s
h2 full   ry_blocking        1024 B c= 50 round=1/3    7938.2 req/s
h2 stream pycurl             1024 B c= 10 round=1/3    6766.7 req/s
h2 stream wreq_blocking   4194304 B c= 50 round=1/3     519.2 req/s
h2 stream ry_blocking        1024 B c= 10 round=1/3    5305.1 req/s
h2 full   pycurl          4194304 B c= 50 round=1/3      55.2 req/s
h2 stream wreq_blocking   4194304 B c= 10 round=1/3     527.4 req/s
h2 full   wreq_blocking      1024 B c= 10 round=1/3   19186.1 req/s
h2 full   wreq_blocking      1024 B c= 50 round=1/3   14732.5 req/s
h2 stream ry_blocking     4194304 B c= 50 round=1/3      99.6 req/s
h2 full   pycurl             1024 B c= 10 round=1/3   13002.4 req/s
h2 stream wreq_blocking      1024 B c= 10 round=1/3    8059.2 req/s
h2 full   ry_blocking     4194304 B c= 50 round=1/3     107.7 req/s
h2 stream ry_blocking     4194304 B c= 50 round=2/3      99.5 req/s
h2 full   wreq_blocking   4194304 B c= 50 round=2/3     699.2 req/s
h2 stream wreq_blocking      1024 B c= 50 round=2/3    7304.1 req/s
h2 full   ry_blocking        1024 B c= 10 round=2/3    8623.2 req/s
h2 stream wreq_blocking      1024 B c= 10 round=2/3    7853.9 req/s
h2 stream pycurl          4194304 B c= 10 round=2/3      46.6 req/s
h2 full   ry_blocking        1024 B c= 50 round=2/3    8052.1 req/s
h2 stream wreq_blocking   4194304 B c= 50 round=2/3     517.2 req/s
h2 full   ry_blocking     4194304 B c= 10 round=2/3     104.9 req/s
h2 full   pycurl          4194304 B c= 10 round=2/3      52.6 req/s
h2 stream ry_blocking     4194304 B c= 10 round=2/3      97.8 req/s
h2 full   pycurl             1024 B c= 10 round=2/3   12514.6 req/s
h2 full   ry_blocking     4194304 B c= 50 round=2/3     107.1 req/s
h2 stream wreq_blocking   4194304 B c= 10 round=2/3     529.3 req/s
h2 full   wreq_blocking      1024 B c= 10 round=2/3   17720.3 req/s
h2 stream pycurl          4194304 B c= 50 round=2/3      48.6 req/s
h2 full   wreq_blocking   4194304 B c= 10 round=2/3     767.1 req/s
h2 stream pycurl             1024 B c= 50 round=2/3    6427.0 req/s
h2 full   wreq_blocking      1024 B c= 50 round=2/3   15034.7 req/s
h2 full   pycurl          4194304 B c= 50 round=2/3      55.2 req/s
h2 stream ry_blocking        1024 B c= 10 round=2/3    5306.6 req/s
h2 full   pycurl             1024 B c= 50 round=2/3   11344.7 req/s
h2 stream ry_blocking        1024 B c= 50 round=2/3    4920.1 req/s
h2 stream pycurl             1024 B c= 10 round=2/3    6725.2 req/s
h2 full   ry_blocking        1024 B c= 50 round=3/3    7805.6 req/s
h2 full   ry_blocking     4194304 B c= 10 round=3/3     104.2 req/s
h2 full   wreq_blocking   4194304 B c= 10 round=3/3     784.2 req/s
h2 stream pycurl          4194304 B c= 10 round=3/3      46.8 req/s
h2 full   ry_blocking     4194304 B c= 50 round=3/3     108.4 req/s
h2 full   pycurl          4194304 B c= 10 round=3/3      52.6 req/s
h2 full   wreq_blocking      1024 B c= 50 round=3/3   14308.8 req/s
h2 full   ry_blocking        1024 B c= 10 round=3/3    8985.0 req/s
h2 stream wreq_blocking      1024 B c= 10 round=3/3    8057.5 req/s
h2 stream ry_blocking     4194304 B c= 50 round=3/3     100.2 req/s
h2 full   pycurl             1024 B c= 10 round=3/3   12824.1 req/s
h2 stream pycurl          4194304 B c= 50 round=3/3      48.4 req/s
h2 stream pycurl             1024 B c= 50 round=3/3    6266.0 req/s
h2 full   pycurl             1024 B c= 50 round=3/3   11425.3 req/s
h2 stream wreq_blocking      1024 B c= 50 round=3/3    7254.6 req/s
h2 stream ry_blocking     4194304 B c= 10 round=3/3      97.3 req/s
h2 stream ry_blocking        1024 B c= 10 round=3/3    5326.6 req/s
h2 stream wreq_blocking   4194304 B c= 10 round=3/3     529.8 req/s
h2 stream wreq_blocking   4194304 B c= 50 round=3/3     519.8 req/s
h2 full   pycurl          4194304 B c= 50 round=3/3      55.2 req/s
h2 full   wreq_blocking      1024 B c= 10 round=3/3   18339.8 req/s
h2 stream pycurl             1024 B c= 10 round=3/3    6713.8 req/s
h2 full   wreq_blocking   4194304 B c= 50 round=3/3     694.3 req/s
h2 stream ry_blocking        1024 B c= 50 round=3/3    4847.2 req/s
Saved complete benchmark: /home/gngpp/.cache/wreq-python/bench-18/results/after-wsl-three-blocking-short.json
