h1 full   wreq_blocking   4194304 B c= 10 round=1/3     561.4 req/s
h1 full   wreq_blocking      1024 B c= 10 round=1/3    4021.9 req/s
h1 stream pycurl             1024 B c= 50 round=1/3    6328.1 req/s
h1 stream wreq_blocking      1024 B c= 50 round=1/3     558.1 req/s
h1 full   ry_blocking     4194304 B c= 10 round=1/3     891.1 req/s
h1 stream ry_blocking        1024 B c= 50 round=1/3    4875.5 req/s
h1 stream pycurl          4194304 B c= 10 round=1/3      80.1 req/s
h1 full   pycurl          4194304 B c= 50 round=1/3     113.1 req/s
h1 stream pycurl             1024 B c= 10 round=1/3    6850.9 req/s
h1 stream ry_blocking        1024 B c= 10 round=1/3    5396.3 req/s
h1 full   pycurl          4194304 B c= 10 round=1/3     108.2 req/s
h1 full   pycurl             1024 B c= 10 round=1/3   13330.9 req/s
h1 stream ry_blocking     4194304 B c= 10 round=1/3     937.2 req/s
h1 full   ry_blocking     4194304 B c= 50 round=1/3     924.9 req/s
h1 full   wreq_blocking   4194304 B c= 50 round=1/3     537.6 req/s
h1 stream wreq_blocking   4194304 B c= 50 round=1/3     253.8 req/s
h1 full   wreq_blocking      1024 B c= 50 round=1/3    3827.6 req/s
h1 full   pycurl             1024 B c= 50 round=1/3   11573.1 req/s
h1 stream wreq_blocking   4194304 B c= 10 round=1/3     256.8 req/s
h1 full   ry_blocking        1024 B c= 50 round=1/3    7585.3 req/s
h1 full   ry_blocking        1024 B c= 10 round=1/3    8787.9 req/s
h1 stream pycurl          4194304 B c= 50 round=1/3      81.8 req/s
h1 stream ry_blocking     4194304 B c= 50 round=1/3     732.6 req/s
h1 stream wreq_blocking      1024 B c= 10 round=1/3     556.9 req/s
h1 stream wreq_blocking      1024 B c= 50 round=2/3     559.8 req/s
h1 full   wreq_blocking      1024 B c= 50 round=2/3    3807.9 req/s
h1 stream ry_blocking     4194304 B c= 10 round=2/3     987.8 req/s
h1 stream ry_blocking        1024 B c= 50 round=2/3    5012.2 req/s
h1 stream wreq_blocking   4194304 B c= 50 round=2/3     255.0 req/s
h1 stream wreq_blocking      1024 B c= 10 round=2/3     558.7 req/s
h1 stream pycurl             1024 B c= 50 round=2/3    6223.3 req/s
h1 full   pycurl          4194304 B c= 10 round=2/3     107.7 req/s
h1 full   wreq_blocking   4194304 B c= 50 round=2/3     519.9 req/s
h1 full   ry_blocking     4194304 B c= 10 round=2/3     984.2 req/s
h1 full   ry_blocking        1024 B c= 10 round=2/3    8485.6 req/s
h1 full   ry_blocking        1024 B c= 50 round=2/3    7956.9 req/s
h1 stream pycurl             1024 B c= 10 round=2/3    6634.6 req/s
h1 stream pycurl          4194304 B c= 50 round=2/3      82.1 req/s
h1 full   ry_blocking     4194304 B c= 50 round=2/3     892.4 req/s
h1 full   pycurl             1024 B c= 50 round=2/3   11440.3 req/s
h1 stream wreq_blocking   4194304 B c= 10 round=2/3     261.1 req/s
h1 full   wreq_blocking      1024 B c= 10 round=2/3    4006.5 req/s
h1 stream ry_blocking        1024 B c= 10 round=2/3    5370.2 req/s
h1 full   pycurl          4194304 B c= 50 round=2/3     114.9 req/s
h1 full   wreq_blocking   4194304 B c= 10 round=2/3     565.2 req/s
h1 stream ry_blocking     4194304 B c= 50 round=2/3     738.4 req/s
h1 full   pycurl             1024 B c= 10 round=2/3   13225.1 req/s
h1 stream pycurl          4194304 B c= 10 round=2/3      79.6 req/s
h1 full   ry_blocking        1024 B c= 50 round=3/3    7887.8 req/s
h1 full   wreq_blocking   4194304 B c= 50 round=3/3     532.3 req/s
h1 stream ry_blocking     4194304 B c= 10 round=3/3     977.9 req/s
h1 full   ry_blocking     4194304 B c= 50 round=3/3     916.2 req/s
h1 stream pycurl             1024 B c= 10 round=3/3    6889.5 req/s
h1 stream pycurl          4194304 B c= 10 round=3/3      80.6 req/s
h1 full   wreq_blocking   4194304 B c= 10 round=3/3     553.6 req/s
h1 stream wreq_blocking   4194304 B c= 50 round=3/3     256.0 req/s
h1 stream pycurl          4194304 B c= 50 round=3/3      82.4 req/s
h1 full   pycurl          4194304 B c= 50 round=3/3     110.4 req/s
h1 stream pycurl             1024 B c= 50 round=3/3    6280.4 req/s
h1 full   pycurl             1024 B c= 50 round=3/3   11302.7 req/s
h1 stream wreq_blocking      1024 B c= 10 round=3/3     561.5 req/s
h1 stream ry_blocking        1024 B c= 50 round=3/3    5006.4 req/s
h1 stream wreq_blocking      1024 B c= 50 round=3/3     566.4 req/s
h1 stream wreq_blocking   4194304 B c= 10 round=3/3     259.1 req/s
h1 stream ry_blocking        1024 B c= 10 round=3/3    5442.2 req/s
h1 stream ry_blocking     4194304 B c= 50 round=3/3     734.6 req/s
h1 full   pycurl          4194304 B c= 10 round=3/3     108.9 req/s
h1 full   wreq_blocking      1024 B c= 10 round=3/3    3960.1 req/s
h1 full   wreq_blocking      1024 B c= 50 round=3/3    3763.8 req/s
h1 full   pycurl             1024 B c= 10 round=3/3   13446.0 req/s
h1 full   ry_blocking     4194304 B c= 10 round=3/3     861.7 req/s
h1 full   ry_blocking        1024 B c= 10 round=3/3    8624.8 req/s
h2 stream pycurl          4194304 B c= 10 round=1/3      46.6 req/s
h2 full   ry_blocking     4194304 B c= 10 round=1/3     105.5 req/s
h2 full   ry_blocking        1024 B c= 10 round=1/3    8717.1 req/s
h2 full   wreq_blocking   4194304 B c= 10 round=1/3     683.5 req/s
h2 full   pycurl          4194304 B c= 10 round=1/3      52.9 req/s
h2 stream wreq_blocking      1024 B c= 50 round=1/3     564.0 req/s
h2 full   pycurl             1024 B c= 50 round=1/3   11662.3 req/s
h2 stream ry_blocking     4194304 B c= 10 round=1/3      99.0 req/s
h2 full   wreq_blocking   4194304 B c= 50 round=1/3     634.4 req/s
h2 stream ry_blocking        1024 B c= 50 round=1/3    5002.3 req/s
h2 stream pycurl          4194304 B c= 50 round=1/3      48.4 req/s
h2 stream pycurl             1024 B c= 50 round=1/3    6401.6 req/s
h2 full   ry_blocking        1024 B c= 50 round=1/3    7727.3 req/s
h2 stream pycurl             1024 B c= 10 round=1/3    6573.4 req/s
h2 stream wreq_blocking   4194304 B c= 50 round=1/3     277.2 req/s
h2 stream ry_blocking        1024 B c= 10 round=1/3    5304.4 req/s
h2 full   pycurl          4194304 B c= 50 round=1/3      55.8 req/s
h2 stream wreq_blocking   4194304 B c= 10 round=1/3     280.5 req/s
h2 full   wreq_blocking      1024 B c= 10 round=1/3    3909.7 req/s
h2 full   wreq_blocking      1024 B c= 50 round=1/3    3786.4 req/s
h2 stream ry_blocking     4194304 B c= 50 round=1/3     100.7 req/s
h2 full   pycurl             1024 B c= 10 round=1/3   12740.4 req/s
h2 stream wreq_blocking      1024 B c= 10 round=1/3     562.3 req/s
h2 full   ry_blocking     4194304 B c= 50 round=1/3     109.7 req/s
h2 stream ry_blocking     4194304 B c= 50 round=2/3     100.4 req/s
h2 full   wreq_blocking   4194304 B c= 50 round=2/3     660.9 req/s
h2 stream wreq_blocking      1024 B c= 50 round=2/3     563.7 req/s
h2 full   ry_blocking        1024 B c= 10 round=2/3    8835.6 req/s
h2 stream wreq_blocking      1024 B c= 10 round=2/3     559.1 req/s
h2 stream pycurl          4194304 B c= 10 round=2/3      46.8 req/s
h2 full   ry_blocking        1024 B c= 50 round=2/3    7949.8 req/s
h2 stream wreq_blocking   4194304 B c= 50 round=2/3     275.4 req/s
h2 full   ry_blocking     4194304 B c= 10 round=2/3     104.7 req/s
h2 full   pycurl          4194304 B c= 10 round=2/3      53.0 req/s
h2 stream ry_blocking     4194304 B c= 10 round=2/3      97.6 req/s
h2 full   pycurl             1024 B c= 10 round=2/3   12391.0 req/s
h2 full   ry_blocking     4194304 B c= 50 round=2/3     107.6 req/s
h2 stream wreq_blocking   4194304 B c= 10 round=2/3     278.2 req/s
h2 full   wreq_blocking      1024 B c= 10 round=2/3    3855.4 req/s
h2 stream pycurl          4194304 B c= 50 round=2/3      48.5 req/s
h2 full   wreq_blocking   4194304 B c= 10 round=2/3     697.3 req/s
h2 stream pycurl             1024 B c= 50 round=2/3    6059.4 req/s
h2 full   wreq_blocking      1024 B c= 50 round=2/3    3795.6 req/s
h2 full   pycurl          4194304 B c= 50 round=2/3      55.1 req/s
h2 stream ry_blocking        1024 B c= 10 round=2/3    5367.7 req/s
h2 full   pycurl             1024 B c= 50 round=2/3   11642.8 req/s
h2 stream ry_blocking        1024 B c= 50 round=2/3    5060.3 req/s
h2 stream pycurl             1024 B c= 10 round=2/3    6791.6 req/s
h2 full   ry_blocking        1024 B c= 50 round=3/3    7841.8 req/s
h2 full   ry_blocking     4194304 B c= 10 round=3/3     104.6 req/s
h2 full   wreq_blocking   4194304 B c= 10 round=3/3     687.7 req/s
h2 stream pycurl          4194304 B c= 10 round=3/3      46.7 req/s
h2 full   ry_blocking     4194304 B c= 50 round=3/3     108.0 req/s
h2 full   pycurl          4194304 B c= 10 round=3/3      53.5 req/s
h2 full   wreq_blocking      1024 B c= 50 round=3/3    3793.3 req/s
h2 full   ry_blocking        1024 B c= 10 round=3/3    8939.4 req/s
h2 stream wreq_blocking      1024 B c= 10 round=3/3     563.2 req/s
h2 stream ry_blocking     4194304 B c= 50 round=3/3      99.2 req/s
h2 full   pycurl             1024 B c= 10 round=3/3   12833.2 req/s
h2 stream pycurl          4194304 B c= 50 round=3/3      48.5 req/s
h2 stream pycurl             1024 B c= 50 round=3/3    6364.8 req/s
h2 full   pycurl             1024 B c= 50 round=3/3   11594.6 req/s
h2 stream wreq_blocking      1024 B c= 50 round=3/3     565.1 req/s
h2 stream ry_blocking     4194304 B c= 10 round=3/3      98.8 req/s
h2 stream ry_blocking        1024 B c= 10 round=3/3    5410.1 req/s
h2 stream wreq_blocking   4194304 B c= 10 round=3/3     277.4 req/s
h2 stream wreq_blocking   4194304 B c= 50 round=3/3     279.8 req/s
h2 full   pycurl          4194304 B c= 50 round=3/3      55.1 req/s
h2 full   wreq_blocking      1024 B c= 10 round=3/3    3906.7 req/s
h2 stream pycurl             1024 B c= 10 round=3/3    6533.1 req/s
h2 full   wreq_blocking   4194304 B c= 50 round=3/3     662.5 req/s
h2 stream ry_blocking        1024 B c= 50 round=3/3    4928.6 req/s
Saved complete benchmark: /home/gngpp/.cache/wreq-python/bench-18/results/before-wsl-three-blocking-short.json
