h1 full pyreqwest_st_official round=1 chunks=64..64
h1 full ry_official round=1 chunks=10..24
h1 stream pyreqwest_mt_official round=1 chunks=64..64
h1 stream pyreqwest_st_official round=1 chunks=64..64
h1 stream wreq round=1 chunks=257..257
h1 stream pyreqwest_st round=1 chunks=11..11
h1 full pyreqwest_mt round=1 chunks=11..14
h1 full wreq round=1 chunks=257..257
h1 full ry round=1 chunks=11..14
h1 stream ry round=1 chunks=11..12
h1 stream wreq_st round=1 chunks=257..257
h1 full pyreqwest_mt_official round=1 chunks=64..64
h1 stream ry_official round=1 chunks=11..13
h1 full wreq_st round=1 chunks=257..257
h1 stream pyreqwest_mt round=1 chunks=11..11
h1 full pyreqwest_st round=1 chunks=11..11
h1 stream ry round=2 chunks=11..13
h1 full pyreqwest_st round=2 chunks=11..11
h1 stream pyreqwest_st round=2 chunks=11..13
h1 full pyreqwest_st_official round=2 chunks=64..64
h1 full wreq round=2 chunks=257..257
h1 stream pyreqwest_st_official round=2 chunks=64..64
h1 stream wreq round=2 chunks=257..257
h1 full ry_official round=2 chunks=10..42
h1 stream ry_official round=2 chunks=11..40
h1 stream pyreqwest_mt round=2 chunks=11..20
h1 full pyreqwest_mt_official round=2 chunks=64..64
h1 full ry round=2 chunks=11..12
h1 stream wreq_st round=2 chunks=257..257
h1 full pyreqwest_mt round=2 chunks=11..21
h1 stream pyreqwest_mt_official round=2 chunks=64..64
h1 full wreq_st round=2 chunks=257..257
h1 stream pyreqwest_st round=3 chunks=11..11
h1 stream pyreqwest_mt round=3 chunks=11..12
h1 full ry_official round=3 chunks=11..14
h1 full ry round=3 chunks=11..12
h1 full pyreqwest_st_official round=3 chunks=64..64
h1 stream wreq round=3 chunks=257..257
h1 full pyreqwest_st round=3 chunks=11..11
h1 stream ry_official round=3 chunks=11..13
h1 full wreq_st round=3 chunks=257..257
h1 full pyreqwest_mt round=3 chunks=11..30
h1 stream pyreqwest_mt_official round=3 chunks=64..64
h1 stream ry round=3 chunks=11..16
h1 stream wreq_st round=3 chunks=257..257
h1 full wreq round=3 chunks=257..257
h1 stream pyreqwest_st_official round=3 chunks=64..64
h1 full pyreqwest_mt_official round=3 chunks=64..64
h2 full ry_official round=1 chunks=63..64
h2 full pyreqwest_st_official round=1 chunks=64..64
h2 full pyreqwest_mt_official round=1 chunks=64..64
h2 stream wreq_st round=1 chunks=256..258
h2 stream pyreqwest_mt_official round=1 chunks=64..64
h2 full wreq_st round=1 chunks=256..257
h2 stream wreq round=1 chunks=256..258
h2 full pyreqwest_mt round=1 chunks=257..266
h2 stream pyreqwest_mt round=1 chunks=258..263
h2 stream ry round=1 chunks=257..263
h2 stream pyreqwest_st_official round=1 chunks=64..64
h2 full wreq round=1 chunks=256..258
h2 stream ry_official round=1 chunks=63..64
h2 stream pyreqwest_st round=1 chunks=257..261
h2 full pyreqwest_st round=1 chunks=257..261
h2 full ry round=1 chunks=259..265
h2 full pyreqwest_mt round=2 chunks=256..264
h2 full wreq_st round=2 chunks=256..258
h2 stream pyreqwest_mt round=2 chunks=259..264
h2 full wreq round=2 chunks=256..258
h2 full pyreqwest_mt_official round=2 chunks=64..64
h2 stream ry round=2 chunks=257..263
h2 stream wreq round=2 chunks=256..258
h2 full pyreqwest_st_official round=2 chunks=64..64
h2 full pyreqwest_st round=2 chunks=257..263
h2 stream pyreqwest_mt_official round=2 chunks=64..64
h2 stream pyreqwest_st_official round=2 chunks=64..64
h2 full ry_official round=2 chunks=64..64
h2 stream wreq_st round=2 chunks=256..260
h2 full ry round=2 chunks=258..265
h2 stream pyreqwest_st round=2 chunks=257..261
h2 stream ry_official round=2 chunks=63..64
h2 stream pyreqwest_st round=3 chunks=257..264
h2 full ry round=3 chunks=258..263
h2 full wreq_st round=3 chunks=256..258
h2 full wreq round=3 chunks=256..260
h2 stream pyreqwest_mt_official round=3 chunks=64..64
h2 full pyreqwest_st round=3 chunks=257..260
h2 full pyreqwest_mt_official round=3 chunks=64..64
h2 stream wreq_st round=3 chunks=256..258
h2 full ry_official round=3 chunks=63..64
h2 stream ry_official round=3 chunks=63..64
h2 stream ry round=3 chunks=258..264
h2 stream pyreqwest_mt round=3 chunks=257..262
h2 full pyreqwest_mt round=3 chunks=257..264
h2 stream pyreqwest_st_official round=3 chunks=64..64
h2 full pyreqwest_st_official round=3 chunks=64..64
h2 stream wreq round=3 chunks=256..260
