h1 stream wreq_st           10240 B c= 10 round=1/3   12651.3 req/s
h1 stream wreq              10240 B c= 10 round=1/3   14310.5 req/s
h1 full   ry              4194304 B c= 10 round=1/3     533.6 req/s
h1 full   ry_official     4194304 B c= 10 round=1/3     512.6 req/s
h1 stream wreq_st         4194304 B c= 10 round=1/3     230.6 req/s
h1 full   pyreqwest_mt      10240 B c= 10 round=1/3    6984.8 req/s
h1 full   pyreqwest_mt_official    10240 B c= 10 round=1/3    6711.5 req/s
h1 full   wreq            4194304 B c= 10 round=1/3     876.6 req/s
h1 full   wreq_st         4194304 B c= 10 round=1/3     338.3 req/s
h1 stream pyreqwest_st      10240 B c= 10 round=1/3    2470.4 req/s
h1 stream pyreqwest_st_official    10240 B c= 10 round=1/3    3122.8 req/s
h1 full   pyreqwest_mt    4194304 B c= 10 round=1/3     927.7 req/s
h1 full   pyreqwest_mt_official  4194304 B c= 10 round=1/3     883.9 req/s
h1 full   wreq              10240 B c= 10 round=1/3   22160.8 req/s
h1 full   ry                10240 B c= 10 round=1/3    2493.6 req/s
h1 full   ry_official       10240 B c= 10 round=1/3    2441.1 req/s
h1 stream pyreqwest_st    4194304 B c= 10 round=1/3     189.1 req/s
h1 stream pyreqwest_st_official  4194304 B c= 10 round=1/3     196.9 req/s
h1 stream ry                10240 B c= 10 round=1/3    1443.8 req/s
h1 stream ry_official       10240 B c= 10 round=1/3    1381.1 req/s
h1 stream wreq            4194304 B c= 10 round=1/3     848.8 req/s
h1 stream pyreqwest_mt      10240 B c= 10 round=1/3    2838.5 req/s
h1 stream pyreqwest_mt_official    10240 B c= 10 round=1/3    2786.1 req/s
h1 full   pyreqwest_st    4194304 B c= 10 round=1/3     311.9 req/s
h1 full   pyreqwest_st_official  4194304 B c= 10 round=1/3     333.6 req/s
h1 full   pyreqwest_st      10240 B c= 10 round=1/3    4298.1 req/s
h1 full   pyreqwest_st_official    10240 B c= 10 round=1/3    6352.9 req/s
h1 stream ry              4194304 B c= 10 round=1/3     246.4 req/s
h1 stream ry_official     4194304 B c= 10 round=1/3     249.4 req/s
h1 stream pyreqwest_mt    4194304 B c= 10 round=1/3     362.0 req/s
h1 stream pyreqwest_mt_official  4194304 B c= 10 round=1/3     364.7 req/s
h1 full   wreq_st           10240 B c= 10 round=1/3   23415.1 req/s
h1 stream wreq            4194304 B c= 10 round=2/3     816.6 req/s
h1 full   ry_official       10240 B c= 10 round=2/3    2488.7 req/s
h1 full   ry                10240 B c= 10 round=2/3    2529.1 req/s
h1 stream wreq              10240 B c= 10 round=2/3   13685.5 req/s
h1 full   pyreqwest_st_official  4194304 B c= 10 round=2/3     297.5 req/s
h1 full   pyreqwest_st    4194304 B c= 10 round=2/3     320.4 req/s
h1 stream pyreqwest_st_official    10240 B c= 10 round=2/3    3039.4 req/s
h1 stream pyreqwest_st      10240 B c= 10 round=2/3    2502.3 req/s
h1 full   pyreqwest_mt_official  4194304 B c= 10 round=2/3     891.1 req/s
h1 full   pyreqwest_mt    4194304 B c= 10 round=2/3     896.4 req/s
h1 stream ry_official       10240 B c= 10 round=2/3    1458.4 req/s
h1 stream ry                10240 B c= 10 round=2/3    1446.2 req/s
h1 stream wreq_st           10240 B c= 10 round=2/3   12232.5 req/s
h1 full   wreq            4194304 B c= 10 round=2/3     801.2 req/s
h1 stream wreq_st         4194304 B c= 10 round=2/3     229.9 req/s
h1 full   pyreqwest_st_official    10240 B c= 10 round=2/3    6413.4 req/s
h1 full   pyreqwest_st      10240 B c= 10 round=2/3    4436.0 req/s
h1 stream pyreqwest_mt_official  4194304 B c= 10 round=2/3     364.4 req/s
h1 stream pyreqwest_mt    4194304 B c= 10 round=2/3     363.7 req/s
h1 full   ry_official     4194304 B c= 10 round=2/3     570.9 req/s
h1 full   ry              4194304 B c= 10 round=2/3     556.8 req/s
h1 full   wreq              10240 B c= 10 round=2/3   24722.1 req/s
h1 stream ry_official     4194304 B c= 10 round=2/3     245.7 req/s
h1 stream ry              4194304 B c= 10 round=2/3     251.8 req/s
h1 stream pyreqwest_st_official  4194304 B c= 10 round=2/3     195.8 req/s
h1 stream pyreqwest_st    4194304 B c= 10 round=2/3     189.0 req/s
h1 full   wreq_st           10240 B c= 10 round=2/3   26974.6 req/s
h1 full   pyreqwest_mt_official    10240 B c= 10 round=2/3    7014.6 req/s
h1 full   pyreqwest_mt      10240 B c= 10 round=2/3    6879.5 req/s
h1 full   wreq_st         4194304 B c= 10 round=2/3     312.3 req/s
h1 stream pyreqwest_mt_official    10240 B c= 10 round=2/3    2874.9 req/s
h1 stream pyreqwest_mt      10240 B c= 10 round=2/3    2885.2 req/s
h1 stream pyreqwest_st    4194304 B c= 10 round=3/3     189.8 req/s
h1 stream pyreqwest_st_official  4194304 B c= 10 round=3/3     190.1 req/s
h1 stream pyreqwest_mt      10240 B c= 10 round=3/3    2858.9 req/s
h1 stream pyreqwest_mt_official    10240 B c= 10 round=3/3    2847.9 req/s
h1 stream wreq            4194304 B c= 10 round=3/3     794.3 req/s
h1 stream pyreqwest_st      10240 B c= 10 round=3/3    2366.4 req/s
h1 stream pyreqwest_st_official    10240 B c= 10 round=3/3    3193.0 req/s
h1 full   wreq_st         4194304 B c= 10 round=3/3     344.4 req/s
h1 stream wreq_st         4194304 B c= 10 round=3/3     239.0 req/s
h1 stream pyreqwest_mt    4194304 B c= 10 round=3/3     352.0 req/s
h1 stream pyreqwest_mt_official  4194304 B c= 10 round=3/3     355.3 req/s
h1 full   pyreqwest_mt      10240 B c= 10 round=3/3    6902.4 req/s
h1 full   pyreqwest_mt_official    10240 B c= 10 round=3/3    7179.9 req/s
h1 full   wreq              10240 B c= 10 round=3/3   25650.4 req/s
h1 stream ry              4194304 B c= 10 round=3/3     247.7 req/s
h1 stream ry_official     4194304 B c= 10 round=3/3     245.2 req/s
h1 full   pyreqwest_st    4194304 B c= 10 round=3/3     316.3 req/s
h1 full   pyreqwest_st_official  4194304 B c= 10 round=3/3     329.3 req/s
h1 full   wreq            4194304 B c= 10 round=3/3     746.9 req/s
h1 stream wreq              10240 B c= 10 round=3/3   16808.1 req/s
h1 full   pyreqwest_mt    4194304 B c= 10 round=3/3     848.9 req/s
h1 full   pyreqwest_mt_official  4194304 B c= 10 round=3/3     863.7 req/s
h1 full   pyreqwest_st      10240 B c= 10 round=3/3    4422.7 req/s
h1 full   pyreqwest_st_official    10240 B c= 10 round=3/3    6630.0 req/s
h1 stream wreq_st           10240 B c= 10 round=3/3   12814.6 req/s
h1 full   ry              4194304 B c= 10 round=3/3     558.5 req/s
h1 full   ry_official     4194304 B c= 10 round=3/3     547.4 req/s
h1 full   ry                10240 B c= 10 round=3/3    2523.7 req/s
h1 full   ry_official       10240 B c= 10 round=3/3    2279.6 req/s
h1 stream ry                10240 B c= 10 round=3/3    1472.6 req/s
h1 stream ry_official       10240 B c= 10 round=3/3    1500.3 req/s
h1 full   wreq_st           10240 B c= 10 round=3/3   22995.6 req/s
h2 full   pyreqwest_st_official  4194304 B c= 10 round=1/3     223.9 req/s
h2 full   pyreqwest_st    4194304 B c= 10 round=1/3      65.9 req/s
h2 stream wreq            4194304 B c= 10 round=1/3     144.9 req/s
h2 stream pyreqwest_mt_official    10240 B c= 10 round=1/3    3007.3 req/s
h2 stream pyreqwest_mt      10240 B c= 10 round=1/3    2935.4 req/s
h2 stream pyreqwest_st_official  4194304 B c= 10 round=1/3     142.1 req/s
h2 stream pyreqwest_st    4194304 B c= 10 round=1/3      58.3 req/s
h2 full   wreq            4194304 B c= 10 round=1/3     166.0 req/s
h2 stream pyreqwest_st_official    10240 B c= 10 round=1/3    2999.4 req/s
h2 stream pyreqwest_st      10240 B c= 10 round=1/3    2343.1 req/s
h2 stream wreq              10240 B c= 10 round=1/3   10078.3 req/s
h2 stream wreq_st         4194304 B c= 10 round=1/3     204.4 req/s
h2 full   pyreqwest_st_official    10240 B c= 10 round=1/3    5653.2 req/s
h2 full   pyreqwest_st      10240 B c= 10 round=1/3    4443.8 req/s
h2 stream ry_official     4194304 B c= 10 round=1/3     101.3 req/s
h2 stream ry              4194304 B c= 10 round=1/3      31.5 req/s
h2 full   ry_official       10240 B c= 10 round=1/3    2442.3 req/s
h2 full   ry                10240 B c= 10 round=1/3    2472.4 req/s
h2 full   ry_official     4194304 B c= 10 round=1/3     126.9 req/s
h2 full   ry              4194304 B c= 10 round=1/3      33.9 req/s
h2 full   wreq_st           10240 B c= 10 round=1/3   16827.5 req/s
h2 full   pyreqwest_mt_official  4194304 B c= 10 round=1/3     178.2 req/s
h2 full   pyreqwest_mt    4194304 B c= 10 round=1/3      81.5 req/s
h2 full   wreq_st         4194304 B c= 10 round=1/3     205.2 req/s
h2 stream wreq_st           10240 B c= 10 round=1/3   10941.5 req/s
h2 full   pyreqwest_mt_official    10240 B c= 10 round=1/3    6364.0 req/s
h2 full   pyreqwest_mt      10240 B c= 10 round=1/3    6306.8 req/s
h2 stream pyreqwest_mt_official  4194304 B c= 10 round=1/3     152.7 req/s
h2 stream pyreqwest_mt    4194304 B c= 10 round=1/3      72.2 req/s
h2 stream ry_official       10240 B c= 10 round=1/3    1467.8 req/s
h2 stream ry                10240 B c= 10 round=1/3    1473.7 req/s
h2 full   wreq              10240 B c= 10 round=1/3   12321.1 req/s
h2 full   wreq_st         4194304 B c= 10 round=2/3     204.2 req/s
h2 full   pyreqwest_st    4194304 B c= 10 round=2/3      66.5 req/s
h2 full   pyreqwest_st_official  4194304 B c= 10 round=2/3     197.4 req/s
h2 stream wreq              10240 B c= 10 round=2/3   10598.9 req/s
h2 full   pyreqwest_mt    4194304 B c= 10 round=2/3      81.7 req/s
h2 full   pyreqwest_mt_official  4194304 B c= 10 round=2/3     184.3 req/s
h2 full   pyreqwest_st      10240 B c= 10 round=2/3    4431.9 req/s
h2 full   pyreqwest_st_official    10240 B c= 10 round=2/3    5695.5 req/s
h2 stream ry                10240 B c= 10 round=2/3    1477.4 req/s
h2 stream ry_official       10240 B c= 10 round=2/3    1467.8 req/s
h2 stream ry              4194304 B c= 10 round=2/3      31.5 req/s
h2 stream ry_official     4194304 B c= 10 round=2/3     101.2 req/s
h2 full   ry              4194304 B c= 10 round=2/3      33.9 req/s
h2 full   ry_official     4194304 B c= 10 round=2/3     126.2 req/s
h2 stream wreq_st         4194304 B c= 10 round=2/3     204.0 req/s
h2 stream wreq_st           10240 B c= 10 round=2/3    9369.7 req/s
h2 full   pyreqwest_mt      10240 B c= 10 round=2/3    6494.4 req/s
h2 full   pyreqwest_mt_official    10240 B c= 10 round=2/3    6468.4 req/s
h2 stream pyreqwest_mt      10240 B c= 10 round=2/3    2939.3 req/s
h2 stream pyreqwest_mt_official    10240 B c= 10 round=2/3    2834.2 req/s
h2 stream pyreqwest_st      10240 B c= 10 round=2/3    2605.1 req/s
h2 stream pyreqwest_st_official    10240 B c= 10 round=2/3    3014.0 req/s
h2 stream wreq            4194304 B c= 10 round=2/3     153.8 req/s
h2 full   wreq              10240 B c= 10 round=2/3   11751.3 req/s
h2 full   wreq            4194304 B c= 10 round=2/3     171.5 req/s
h2 stream pyreqwest_mt    4194304 B c= 10 round=2/3      73.6 req/s
h2 stream pyreqwest_mt_official  4194304 B c= 10 round=2/3     174.6 req/s
h2 full   ry                10240 B c= 10 round=2/3    2646.1 req/s
h2 full   ry_official       10240 B c= 10 round=2/3    2379.1 req/s
h2 full   wreq_st           10240 B c= 10 round=2/3   17548.8 req/s
h2 stream pyreqwest_st    4194304 B c= 10 round=2/3      60.1 req/s
h2 stream pyreqwest_st_official  4194304 B c= 10 round=2/3     135.8 req/s
h2 stream wreq              10240 B c= 10 round=3/3    9403.1 req/s
h2 stream wreq_st         4194304 B c= 10 round=3/3     208.0 req/s
h2 stream wreq            4194304 B c= 10 round=3/3     167.5 req/s
h2 full   wreq_st           10240 B c= 10 round=3/3   18049.9 req/s
h2 stream pyreqwest_mt_official    10240 B c= 10 round=3/3    2894.1 req/s
h2 stream pyreqwest_mt      10240 B c= 10 round=3/3    2864.5 req/s
h2 stream pyreqwest_st_official    10240 B c= 10 round=3/3    3079.7 req/s
h2 stream pyreqwest_st      10240 B c= 10 round=3/3    2352.4 req/s
h2 full   wreq_st         4194304 B c= 10 round=3/3     206.3 req/s
h2 stream ry_official     4194304 B c= 10 round=3/3     102.4 req/s
h2 stream ry              4194304 B c= 10 round=3/3      31.7 req/s
h2 stream pyreqwest_mt_official  4194304 B c= 10 round=3/3     172.0 req/s
h2 stream pyreqwest_mt    4194304 B c= 10 round=3/3      71.5 req/s
h2 stream wreq_st           10240 B c= 10 round=3/3   11062.9 req/s
h2 full   wreq            4194304 B c= 10 round=3/3     151.8 req/s
h2 stream ry_official       10240 B c= 10 round=3/3    1488.9 req/s
h2 stream ry                10240 B c= 10 round=3/3    1486.1 req/s
h2 full   wreq              10240 B c= 10 round=3/3   11792.4 req/s
h2 full   ry_official     4194304 B c= 10 round=3/3     124.6 req/s
h2 full   ry              4194304 B c= 10 round=3/3      33.8 req/s
h2 stream pyreqwest_st_official  4194304 B c= 10 round=3/3     146.1 req/s
h2 stream pyreqwest_st    4194304 B c= 10 round=3/3      59.4 req/s
h2 full   pyreqwest_mt_official    10240 B c= 10 round=3/3    6678.0 req/s
h2 full   pyreqwest_mt      10240 B c= 10 round=3/3    6566.0 req/s
h2 full   pyreqwest_mt_official  4194304 B c= 10 round=3/3     180.9 req/s
h2 full   pyreqwest_mt    4194304 B c= 10 round=3/3      81.8 req/s
h2 full   pyreqwest_st_official  4194304 B c= 10 round=3/3     194.1 req/s
h2 full   pyreqwest_st    4194304 B c= 10 round=3/3      66.9 req/s
h2 full   pyreqwest_st_official    10240 B c= 10 round=3/3    5962.2 req/s
h2 full   pyreqwest_st      10240 B c= 10 round=3/3    4253.7 req/s
h2 full   ry_official       10240 B c= 10 round=3/3    2482.6 req/s
h2 full   ry                10240 B c= 10 round=3/3    2557.4 req/s
Saved complete benchmark: /mnt/e/VSCode/wreq-python/bench/data/short/20261003T233320Z-91f1956-read-profiles.json
